===== Web Deployment START at Wed Nov 26 10:21:28 EST 2025 =====
Testing SSH connection to u1-phoenix...
SSH connection successful.
Checking for existing items on the front-end server...
Items found locally: 3
Items that will be overwritten on server: 1
Deploying files...
Processing index.css...
scp: dest open "/var/www/html/index.css": Permission denied
scp: failed to upload file /drives/c/Users/oaw6/Desktop/RPi4-Network-Cluster-SaaS/_scripts/../html/index.css to /var/www/html/
Processing index.html...
mv: cannot move '/var/www/html/index.html' to '/var/www/html/index.html.old': Permission denied
scp: dest open "/var/www/html/index.html": Permission denied
scp: failed to upload file /drives/c/Users/oaw6/Desktop/RPi4-Network-Cluster-SaaS/_scripts/../html/index.html to /var/www/html/
Processing test.php...
scp: dest open "/var/www/html/test.php": Permission denied
scp: failed to upload file /drives/c/Users/oaw6/Desktop/RPi4-Network-Cluster-SaaS/_scripts/../html/test.php to /var/www/html/
Deployment complete.
Sending log file to front-end host (u1-phoenix)...
Ensured remote log directory /home/phoenix/Desktop/_logs on front-end host.
Log file transferred to front-end host successfully.
Sending log file to log server (u4-naruhodo)...
Ensured remote log directory /home/naruhodo/Desktop/_logs on log server.
Log file transferred to log server successfully.
===== Web Deployment END at Wed Nov 26 10:21:55 EST 2025 =====
