===== Web Deployment START at Wed Nov 26 13:16:53 EST 2025 =====
Testing SSH connection to u1-phoenix...
SSH connection successful.
Checking for existing items on the front-end server...
Items found locally: 3
Items that will be overwritten on server: 1
Aborted by user.
===== Web Deployment START at Wed Nov 26 13:18:57 EST 2025 =====
Testing SSH connection to u1-phoenix...
SSH connection successful.
Checking for existing items on the front-end server...
Items found locally: 3
Items that will be overwritten on server: 1
  Files to be overwritten:
    - index.html
Items that will be created on server: 2
  Files to be created:
    - index.css
    - test.php
Deploying files...
Processing index.css...
Processing index.html...
Processing test.php...
Deployment complete.
Sending log file to log server (u4-naruhodo)...
Ensured remote log directory /home/naruhodo/Desktop/_logs on log server.
Log file transferred to log server successfully.
Sending manifest to log server (u4-naruhodo)...
Manifest transferred to log server successfully.
===== Web Deployment END at Wed Nov 26 13:19:56 EST 2025 =====
